// Jest Snapshot v1, https://goo.gl/fbAQLP

exports[`amplify-forgot-password spec: Render logic -> should render 1`] = `
<amplify-forgot-password>
  <mock:shadow-root>
    <amplify-form-section headertext="Reset your password" submitbuttontext="Send Code" testdataprefix="forgot-password">
      <div slot="banner">
        <slot name="header-banner"></slot>
      </div>
      <div slot="subtitle">
        <slot name="header-subtitle"></slot>
      </div>
      <amplify-auth-fields></amplify-auth-fields>
    </amplify-form-section>
  </mock:shadow-root>
</amplify-forgot-password>
`;
