// Jest Snapshot v1, https://goo.gl/fbAQLP

exports[`amplify-confirm-sign-up spec: Render logic -> should render a \`confirm sign up\` form by default 1`] = `
<amplify-confirm-sign-up>
  <mock:shadow-root>
    <amplify-form-section headertext="Confirm Sign up" submitbuttontext="Confirm">
      <div slot="banner">
        <slot name="header-banner"></slot>
      </div>
      <div slot="subtitle">
        <slot name="header-subtitle"></slot>
      </div>
      <amplify-auth-fields></amplify-auth-fields>
    </amplify-form-section>
  </mock:shadow-root>
</amplify-confirm-sign-up>
`;
