// Jest Snapshot v1, https://goo.gl/fbAQLP

exports[`amplify-sign-up spec: Render logic -> should render a \`sign up\` form by default 1`] = `
<amplify-sign-up>
  <mock:shadow-root>
    <amplify-form-section headertext="Create a new account" testdataprefix="sign-up">
      <div slot="banner">
        <slot name="header-banner"></slot>
      </div>
      <div slot="subtitle">
        <slot name="header-subtitle"></slot>
      </div>
      <amplify-auth-fields></amplify-auth-fields>
      <div class="sign-up-form-footer" slot="amplify-form-section-footer">
        <slot name="footer">
          <slot name="secondary-footer-content">
            <span>
              Have an account?
              <amplify-button data-test="sign-up-sign-in-link" variant="anchor">
                Sign in
              </amplify-button>
            </span>
          </slot>
          <slot name="primary-footer-content">
            <amplify-button data-test="sign-up-create-account-button" type="submit">
              <span>
                Create Account
              </span>
            </amplify-button>
          </slot>
        </slot>
      </div>
    </amplify-form-section>
  </mock:shadow-root>
</amplify-sign-up>
`;
