// Jest Snapshot v1, https://goo.gl/fbAQLP

exports[`amplify-totp spec: Render logic -> should render a \`less than 2 mfa types available\` message by default 1`] = `
<amplify-totp-setup>
  <mock:shadow-root>
    <amplify-form-section headertext="Scan then enter verification code" submitbuttontext="Verify Security Token">
      <div slot="banner">
        <slot name="header-banner"></slot>
      </div>
      <div slot="subtitle">
        <slot name="header-subtitle"></slot>
      </div>
      <div class="totp-setup">
        <amplify-form-field fieldid="totpCode" label="Enter Security Code:" name="totpCode"></amplify-form-field>
      </div>
    </amplify-form-section>
  </mock:shadow-root>
</amplify-totp-setup>
`;
