// Jest Snapshot v1, https://goo.gl/fbAQLP

exports[`amplify-require-new-password spec: Render logic -> should render default \`require new password\` form 1`] = `
<amplify-require-new-password>
  <mock:shadow-root>
    <amplify-form-section headertext="Change Password" submitbuttontext="Change">
      <div slot="banner">
        <slot name="header-banner"></slot>
      </div>
      <div slot="subtitle">
        <slot name="header-subtitle"></slot>
      </div>
      <amplify-auth-fields></amplify-auth-fields>
    </amplify-form-section>
  </mock:shadow-root>
</amplify-require-new-password>
`;
